2026-09-03T18:47:51+00:00 Starting run. loop_minutes=50 tick=60s active_alerts=0 credits_used=0
2026-09-03T18:57:58+00:00 State committed and pushed (tick).
2026-09-03T19:08:08+00:00 State committed and pushed (tick).
2026-09-03T19:18:14+00:00 State committed and pushed (tick).
2026-09-03T19:28:21+00:00 State committed and pushed (tick).
2026-09-03T19:38:15+00:00 State committed and pushed (final).
2026-09-03T19:38:15+00:00 Run complete.
2026-09-03T21:25:59+00:00 Starting run. loop_minutes=50 tick=60s active_alerts=0 credits_used=0
2026-09-03T21:36:02+00:00 State committed and pushed (tick).
2026-09-03T21:46:04+00:00 State committed and pushed (tick).
2026-09-03T21:56:06+00:00 State committed and pushed (tick).
2026-09-03T22:07:06+00:00 State committed and pushed (tick).
2026-09-03T22:16:08+00:00 State committed and pushed (final).
2026-09-03T22:16:08+00:00 Run complete.
2026-09-03T23:27:30+00:00 Starting run. loop_minutes=50 tick=60s active_alerts=0 credits_used=0
2026-09-03T23:37:33+00:00 State committed and pushed (tick).
2026-09-03T23:47:34+00:00 State committed and pushed (tick).
2026-09-03T23:57:36+00:00 State committed and pushed (tick).
2026-09-04T00:07:38+00:00 State committed and pushed (tick).
2026-09-04T00:17:39+00:00 State committed and pushed (final).
2026-09-04T00:17:39+00:00 Run complete.
2026-09-04T01:15:08+00:00 Starting run. loop_minutes=50 tick=60s active_alerts=0 credits_used=0
2026-09-04T01:25:22+00:00 State committed and pushed (tick).
2026-09-04T01:35:30+00:00 State committed and pushed (tick).
2026-09-04T01:45:38+00:00 State committed and pushed (tick).
2026-09-04T01:55:46+00:00 State committed and pushed (tick).
2026-09-04T02:05:19+00:00 State committed and pushed (final).
2026-09-04T02:05:19+00:00 Run complete.
2026-09-04T06:00:13+00:00 Starting run. loop_minutes=50 tick=60s active_alerts=0 credits_used=0
2026-09-04T06:10:17+00:00 State committed and pushed (tick).
2026-09-04T06:20:20+00:00 State committed and pushed (tick).
2026-09-04T06:30:23+00:00 State committed and pushed (tick).
2026-09-04T06:40:25+00:00 State committed and pushed (tick).
2026-09-04T06:50:18+00:00 State committed and pushed (final).
2026-09-04T06:50:18+00:00 Run complete.
2026-09-04T11:08:47+00:00 Starting run. loop_minutes=50 tick=60s active_alerts=0 credits_used=0
2026-09-04T11:19:05+00:00 State committed and pushed (tick).
2026-09-04T11:29:17+00:00 State committed and pushed (tick).
2026-09-04T11:39:30+00:00 State committed and pushed (tick).
2026-09-04T11:49:42+00:00 State committed and pushed (tick).
2026-09-04T11:58:49+00:00 State committed and pushed (final).
2026-09-04T11:58:49+00:00 Run complete.
2026-09-04T14:57:32+00:00 Starting run. loop_minutes=50 tick=60s active_alerts=0 credits_used=0
2026-09-04T15:07:36+00:00 State committed and pushed (tick).
2026-09-04T15:17:40+00:00 State committed and pushed (tick).
2026-09-04T15:27:42+00:00 State committed and pushed (tick).
2026-09-04T15:37:44+00:00 State committed and pushed (tick).
2026-09-04T15:47:37+00:00 State committed and pushed (final).
2026-09-04T15:47:37+00:00 Run complete.
2026-09-04T18:16:30+00:00 Starting run. loop_minutes=50 tick=60s active_alerts=0 credits_used=0
2026-09-04T18:26:35+00:00 State committed and pushed (tick).
2026-09-04T18:36:39+00:00 State committed and pushed (tick).
2026-09-04T18:46:43+00:00 State committed and pushed (tick).
2026-09-04T18:56:47+00:00 State committed and pushed (tick).
2026-09-04T19:06:41+00:00 State committed and pushed (final).
2026-09-04T19:06:41+00:00 Run complete.
2026-09-04T20:50:37+00:00 Starting run. loop_minutes=50 tick=60s active_alerts=0 credits_used=0
2026-09-04T21:00:44+00:00 State committed and pushed (tick).
2026-09-04T21:10:49+00:00 State committed and pushed (tick).
2026-09-04T21:20:54+00:00 State committed and pushed (tick).
2026-09-04T21:30:58+00:00 State committed and pushed (tick).
2026-09-04T21:40:54+00:00 State committed and pushed (final).
2026-09-04T21:40:54+00:00 Run complete.
2026-09-04T22:38:04+00:00 Starting run. loop_minutes=50 tick=60s active_alerts=0 credits_used=0
2026-09-04T22:48:19+00:00 State committed and pushed (tick).
2026-09-04T22:58:27+00:00 State committed and pushed (tick).
2026-09-04T23:08:36+00:00 State committed and pushed (tick).
2026-09-04T23:18:44+00:00 State committed and pushed (tick).
2026-09-04T23:28:17+00:00 State committed and pushed (final).
2026-09-04T23:28:17+00:00 Run complete.
2026-09-05T00:23:36+00:00 Starting run. loop_minutes=50 tick=60s active_alerts=0 credits_used=0
2026-09-05T00:33:53+00:00 State committed and pushed (tick).
2026-09-05T00:44:06+00:00 State committed and pushed (tick).
2026-09-05T00:54:18+00:00 State committed and pushed (tick).
2026-09-05T01:04:29+00:00 State committed and pushed (tick).
2026-09-05T01:13:39+00:00 State committed and pushed (final).
2026-09-05T01:13:39+00:00 Run complete.
2026-09-05T04:48:21+00:00 Starting run. loop_minutes=50 tick=60s active_alerts=0 credits_used=0
2026-09-05T04:58:39+00:00 State committed and pushed (tick).
2026-09-05T05:08:51+00:00 State committed and pushed (tick).
2026-09-05T05:19:03+00:00 State committed and pushed (tick).
2026-09-05T05:29:15+00:00 State committed and pushed (tick).
2026-09-05T05:38:26+00:00 State committed and pushed (final).
2026-09-05T05:38:26+00:00 Run complete.
2026-09-05T08:39:37+00:00 Starting run. loop_minutes=50 tick=60s active_alerts=0 credits_used=0
2026-09-05T08:49:53+00:00 State committed and pushed (tick).
2026-09-05T09:00:03+00:00 State committed and pushed (tick).
2026-09-05T09:10:12+00:00 State committed and pushed (tick).
2026-09-05T09:20:22+00:00 State committed and pushed (tick).
2026-09-05T09:29:58+00:00 State committed and pushed (final).
2026-09-05T09:29:58+00:00 Run complete.
2026-09-05T12:05:52+00:00 Starting run. loop_minutes=50 tick=60s active_alerts=0 credits_used=0
2026-09-05T12:16:08+00:00 State committed and pushed (tick).
2026-09-05T12:26:20+00:00 State committed and pushed (tick).
2026-09-05T12:36:32+00:00 State committed and pushed (tick).
2026-09-05T12:46:40+00:00 State committed and pushed (tick).
2026-09-05T12:55:55+00:00 State committed and pushed (final).
2026-09-05T12:55:55+00:00 Run complete.
2026-09-05T15:09:47+00:00 Starting run. loop_minutes=50 tick=60s active_alerts=0 credits_used=0
2026-09-05T15:20:03+00:00 State committed and pushed (tick).
2026-09-05T15:30:13+00:00 State committed and pushed (tick).
2026-09-05T15:40:24+00:00 State committed and pushed (tick).
2026-09-05T15:50:34+00:00 State committed and pushed (tick).
2026-09-05T16:00:09+00:00 State committed and pushed (final).
2026-09-05T16:00:09+00:00 Run complete.
2026-09-05T17:21:06+00:00 Starting run. loop_minutes=50 tick=60s active_alerts=0 credits_used=0
2026-09-05T17:31:22+00:00 State committed and pushed (tick).
2026-09-05T17:41:33+00:00 State committed and pushed (tick).
2026-09-05T17:51:42+00:00 State committed and pushed (tick).
2026-09-05T18:01:53+00:00 State committed and pushed (tick).
2026-09-05T18:11:29+00:00 State committed and pushed (final).
2026-09-05T18:11:29+00:00 Run complete.
2026-09-05T19:11:23+00:00 Starting run. loop_minutes=50 tick=60s active_alerts=0 credits_used=0
2026-09-05T19:21:26+00:00 State committed and pushed (tick).
2026-09-05T19:31:28+00:00 State committed and pushed (tick).
2026-09-05T19:41:30+00:00 State committed and pushed (tick).
2026-09-05T19:51:33+00:00 State committed and pushed (tick).
2026-09-05T20:01:26+00:00 State committed and pushed (final).
2026-09-05T20:01:26+00:00 Run complete.
2026-09-05T21:16:52+00:00 Starting run. loop_minutes=50 tick=60s active_alerts=0 credits_used=0
2026-09-05T21:27:06+00:00 State committed and pushed (tick).
2026-09-05T21:37:14+00:00 State committed and pushed (tick).
2026-09-05T21:47:22+00:00 State committed and pushed (tick).
2026-09-05T21:57:31+00:00 State committed and pushed (tick).
2026-09-05T22:07:05+00:00 State committed and pushed (final).
2026-09-05T22:07:05+00:00 Run complete.
2026-09-05T22:59:48+00:00 Starting run. loop_minutes=50 tick=60s active_alerts=0 credits_used=0
2026-09-05T23:09:52+00:00 State committed and pushed (tick).
2026-09-05T23:19:54+00:00 State committed and pushed (tick).
2026-09-05T23:29:56+00:00 State committed and pushed (tick).
2026-09-05T23:39:58+00:00 State committed and pushed (tick).
2026-09-05T23:49:51+00:00 State committed and pushed (final).
2026-09-05T23:49:51+00:00 Run complete.
2026-09-06T00:50:00+00:00 Starting run. loop_minutes=50 tick=60s active_alerts=0 credits_used=0
2026-09-06T01:00:04+00:00 State committed and pushed (tick).
2026-09-06T01:10:07+00:00 State committed and pushed (tick).
2026-09-06T01:20:10+00:00 State committed and pushed (tick).
2026-09-06T01:30:17+00:00 State committed and pushed (tick).
2026-09-06T01:40:08+00:00 State committed and pushed (final).
2026-09-06T01:40:08+00:00 Run complete.
2026-09-06T05:14:53+00:00 Starting run. loop_minutes=50 tick=60s active_alerts=0 credits_used=0
2026-09-06T05:25:09+00:00 State committed and pushed (tick).
2026-09-06T05:35:19+00:00 State committed and pushed (tick).
2026-09-06T05:45:30+00:00 State committed and pushed (tick).
2026-09-06T05:55:40+00:00 State committed and pushed (tick).
2026-09-06T06:05:11+00:00 State committed and pushed (final).
2026-09-06T06:05:11+00:00 Run complete.
2026-09-06T09:30:26+00:00 Starting run. loop_minutes=50 tick=60s active_alerts=0 credits_used=0
2026-09-06T09:40:31+00:00 State committed and pushed (tick).
2026-09-06T09:50:35+00:00 State committed and pushed (tick).
2026-09-06T10:00:37+00:00 State committed and pushed (tick).
2026-09-06T10:10:41+00:00 State committed and pushed (tick).
2026-09-06T10:20:35+00:00 State committed and pushed (final).
2026-09-06T10:20:35+00:00 Run complete.
2026-09-06T13:04:56+00:00 Starting run. loop_minutes=50 tick=60s active_alerts=0 credits_used=0
2026-09-06T13:14:59+00:00 State committed and pushed (tick).
2026-09-06T13:25:02+00:00 State committed and pushed (tick).
2026-09-06T13:35:04+00:00 State committed and pushed (tick).
2026-09-06T13:45:07+00:00 State committed and pushed (tick).
2026-09-06T13:55:00+00:00 State committed and pushed (final).
2026-09-06T13:55:00+00:00 Run complete.
2026-09-06T16:12:59+00:00 Starting run. loop_minutes=50 tick=60s active_alerts=0 credits_used=0
2026-09-06T16:23:15+00:00 State committed and pushed (tick).
2026-09-06T16:33:26+00:00 State committed and pushed (tick).
2026-09-06T16:43:36+00:00 State committed and pushed (tick).
2026-09-06T16:53:46+00:00 State committed and pushed (tick).
2026-09-06T17:03:21+00:00 State committed and pushed (final).
2026-09-06T17:03:21+00:00 Run complete.
2026-09-06T18:22:09+00:00 Starting run. loop_minutes=50 tick=60s active_alerts=0 credits_used=0
2026-09-06T18:32:17+00:00 State committed and pushed (tick).
2026-09-06T18:42:20+00:00 State committed and pushed (tick).
2026-09-06T18:52:26+00:00 State committed and pushed (tick).
2026-09-06T19:02:33+00:00 State committed and pushed (tick).
2026-09-06T19:12:24+00:00 State committed and pushed (final).
2026-09-06T19:12:24+00:00 Run complete.
2026-09-06T20:36:20+00:00 Starting run. loop_minutes=50 tick=60s active_alerts=0 credits_used=0
2026-09-06T20:46:24+00:00 State committed and pushed (tick).
2026-09-06T20:56:32+00:00 State committed and pushed (tick).
2026-09-06T21:07:31+00:00 State committed and pushed (tick).
2026-09-06T21:17:35+00:00 State committed and pushed (tick).
2026-09-06T21:26:32+00:00 State committed and pushed (final).
2026-09-06T21:26:32+00:00 Run complete.
2026-09-06T22:20:56+00:00 Starting run. loop_minutes=50 tick=60s active_alerts=0 credits_used=0
2026-09-06T22:31:07+00:00 State committed and pushed (tick).
2026-09-06T22:41:21+00:00 State committed and pushed (tick).
2026-09-06T22:51:30+00:00 State committed and pushed (tick).
2026-09-06T23:01:36+00:00 State committed and pushed (tick).
2026-09-06T23:11:14+00:00 State committed and pushed (final).
2026-09-06T23:11:14+00:00 Run complete.
2026-09-07T00:06:33+00:00 Starting run. loop_minutes=50 tick=60s active_alerts=0 credits_used=0
2026-09-07T00:16:44+00:00 State committed and pushed (tick).
2026-09-07T00:26:51+00:00 State committed and pushed (tick).
2026-09-07T00:36:56+00:00 State committed and pushed (tick).
2026-09-07T00:47:02+00:00 State committed and pushed (tick).
2026-09-07T00:56:56+00:00 State committed and pushed (final).
2026-09-07T00:56:56+00:00 Run complete.
2026-09-07T04:35:03+00:00 Starting run. loop_minutes=50 tick=60s active_alerts=0 credits_used=0
2026-09-07T04:45:15+00:00 State committed and pushed (tick).
2026-09-07T04:55:22+00:00 State committed and pushed (tick).
2026-09-07T05:05:28+00:00 State committed and pushed (tick).
2026-09-07T05:16:30+00:00 State committed and pushed (tick).
2026-09-07T05:25:29+00:00 State committed and pushed (final).
2026-09-07T05:25:29+00:00 Run complete.
2026-09-07T09:41:55+00:00 Starting run. loop_minutes=50 tick=60s active_alerts=0 credits_used=0
2026-09-07T09:51:58+00:00 State committed and pushed (tick).
2026-09-07T10:02:00+00:00 State committed and pushed (tick).
2026-09-07T10:12:02+00:00 State committed and pushed (tick).
2026-09-07T10:22:04+00:00 State committed and pushed (tick).
2026-09-07T10:31:56+00:00 State committed and pushed (final).
2026-09-07T10:31:56+00:00 Run complete.
2026-09-07T15:17:33+00:00 Starting run. loop_minutes=50 tick=60s active_alerts=0 credits_used=0
2026-09-07T15:27:45+00:00 State committed and pushed (tick).
2026-09-07T15:37:52+00:00 State committed and pushed (tick).
2026-09-07T15:47:55+00:00 State committed and pushed (tick).
2026-09-07T15:58:04+00:00 State committed and pushed (tick).
2026-09-07T16:07:35+00:00 State committed and pushed (final).
2026-09-07T16:07:35+00:00 Run complete.
2026-09-07T19:15:27+00:00 Starting run. loop_minutes=50 tick=60s active_alerts=0 credits_used=0
2026-09-07T19:25:41+00:00 State committed and pushed (tick).
2026-09-07T19:35:46+00:00 State committed and pushed (tick).
2026-09-07T19:46:00+00:00 State committed and pushed (tick).
2026-09-07T19:56:07+00:00 State committed and pushed (tick).
2026-09-07T20:05:46+00:00 State committed and pushed (final).
2026-09-07T20:05:46+00:00 Run complete.
2026-09-07T22:05:36+00:00 Starting run. loop_minutes=50 tick=60s active_alerts=0 credits_used=0
2026-09-07T22:15:44+00:00 State committed and pushed (tick).
2026-09-07T22:26:45+00:00 State committed and pushed (tick).
2026-09-07T22:36:49+00:00 State committed and pushed (tick).
2026-09-07T22:46:53+00:00 State committed and pushed (tick).
2026-09-07T22:55:47+00:00 State committed and pushed (final).
2026-09-07T22:55:47+00:00 Run complete.
2026-09-08T00:21:09+00:00 Starting run. loop_minutes=50 tick=60s active_alerts=0 credits_used=0
2026-09-08T00:31:27+00:00 State committed and pushed (tick).
2026-09-08T00:41:40+00:00 State committed and pushed (tick).
2026-09-08T00:51:53+00:00 State committed and pushed (tick).
2026-09-08T01:02:06+00:00 State committed and pushed (tick).
2026-09-08T01:11:12+00:00 State committed and pushed (final).
2026-09-08T01:11:12+00:00 Run complete.
2026-09-08T04:55:44+00:00 Starting run. loop_minutes=50 tick=60s active_alerts=0 credits_used=0
2026-09-08T05:05:58+00:00 State committed and pushed (tick).
2026-09-08T05:16:06+00:00 State committed and pushed (tick).
2026-09-08T05:26:14+00:00 State committed and pushed (tick).
2026-09-08T05:36:23+00:00 State committed and pushed (tick).
2026-09-08T05:45:56+00:00 State committed and pushed (final).
2026-09-08T05:45:56+00:00 Run complete.
2026-09-08T09:26:37+00:00 Starting run. loop_minutes=50 tick=60s active_alerts=0 credits_used=0
2026-09-08T09:36:42+00:00 State committed and pushed (tick).
2026-09-08T09:46:50+00:00 State committed and pushed (tick).
2026-09-08T09:56:52+00:00 State committed and pushed (tick).
2026-09-08T10:06:56+00:00 State committed and pushed (tick).
2026-09-08T10:16:51+00:00 State committed and pushed (final).
2026-09-08T10:16:51+00:00 Run complete.
2026-09-08T13:47:35+00:00 Starting run. loop_minutes=50 tick=60s active_alerts=0 credits_used=0
2026-09-08T13:57:52+00:00 State committed and pushed (tick).
2026-09-08T14:08:06+00:00 State committed and pushed (tick).
2026-09-08T14:18:19+00:00 State committed and pushed (tick).
2026-09-08T14:28:33+00:00 State committed and pushed (tick).
2026-09-08T14:37:41+00:00 State committed and pushed (final).
2026-09-08T14:37:41+00:00 Run complete.
2026-09-08T17:35:28+00:00 Starting run. loop_minutes=50 tick=60s active_alerts=0 credits_used=0
2026-09-08T17:45:32+00:00 State committed and pushed (tick).
2026-09-08T17:55:35+00:00 State committed and pushed (tick).
2026-09-08T18:05:36+00:00 State committed and pushed (tick).
2026-09-08T18:15:39+00:00 State committed and pushed (tick).
2026-09-08T18:25:36+00:00 State committed and pushed (final).
2026-09-08T18:25:36+00:00 Run complete.
2026-09-08T20:15:57+00:00 Starting run. loop_minutes=50 tick=60s active_alerts=0 credits_used=0
2026-09-08T20:26:14+00:00 State committed and pushed (tick).
2026-09-08T20:36:24+00:00 State committed and pushed (tick).
2026-09-08T20:46:36+00:00 State committed and pushed (tick).
2026-09-08T20:56:47+00:00 State committed and pushed (tick).
2026-09-08T21:06:22+00:00 State committed and pushed (final).
2026-09-08T21:06:22+00:00 Run complete.
2026-09-08T22:44:44+00:00 Starting run. loop_minutes=50 tick=60s active_alerts=0 credits_used=0
2026-09-08T22:54:47+00:00 State committed and pushed (tick).
2026-09-08T23:04:50+00:00 State committed and pushed (tick).
2026-09-08T23:14:52+00:00 State committed and pushed (tick).
2026-09-08T23:24:54+00:00 State committed and pushed (tick).
2026-09-08T23:34:47+00:00 State committed and pushed (final).
2026-09-08T23:34:47+00:00 Run complete.
2026-09-09T00:42:37+00:00 Starting run. loop_minutes=50 tick=60s active_alerts=0 credits_used=0
2026-09-09T00:52:40+00:00 State committed and pushed (tick).
2026-09-09T01:02:42+00:00 State committed and pushed (tick).
2026-09-09T01:12:44+00:00 State committed and pushed (tick).
2026-09-09T01:22:46+00:00 State committed and pushed (tick).
2026-09-09T01:32:39+00:00 State committed and pushed (final).
2026-09-09T01:32:39+00:00 Run complete.
2026-09-09T05:20:43+00:00 Starting run. loop_minutes=50 tick=60s active_alerts=0 credits_used=0
2026-09-09T05:30:47+00:00 State committed and pushed (tick).
2026-09-09T05:40:49+00:00 State committed and pushed (tick).
2026-09-09T05:50:52+00:00 State committed and pushed (tick).
2026-09-09T06:00:54+00:00 State committed and pushed (tick).
2026-09-09T06:10:47+00:00 State committed and pushed (final).
2026-09-09T06:10:47+00:00 Run complete.
2026-09-09T09:56:11+00:00 Starting run. loop_minutes=50 tick=60s active_alerts=0 credits_used=0
2026-09-09T10:06:29+00:00 State committed and pushed (tick).
2026-09-09T10:16:39+00:00 State committed and pushed (tick).
2026-09-09T10:26:50+00:00 State committed and pushed (tick).
2026-09-09T10:37:01+00:00 State committed and pushed (tick).
2026-09-09T10:46:15+00:00 State committed and pushed (final).
2026-09-09T10:46:15+00:00 Run complete.
2026-09-09T14:17:10+00:00 Starting run. loop_minutes=50 tick=60s active_alerts=0 credits_used=0
2026-09-09T14:27:15+00:00 State committed and pushed (tick).
2026-09-09T14:38:16+00:00 State committed and pushed (tick).
2026-09-09T14:48:19+00:00 State committed and pushed (tick).
2026-09-09T14:59:20+00:00 State committed and pushed (tick).
2026-09-09T15:07:13+00:00 State committed and pushed (final).
2026-09-09T15:07:13+00:00 Run complete.
2026-09-09T17:52:04+00:00 Starting run. loop_minutes=50 tick=60s active_alerts=0 credits_used=0
2026-09-09T18:02:18+00:00 State committed and pushed (tick).
2026-09-09T18:12:25+00:00 State committed and pushed (tick).
2026-09-09T18:22:33+00:00 State committed and pushed (tick).
2026-09-09T18:32:41+00:00 State committed and pushed (tick).
2026-09-09T18:42:14+00:00 State committed and pushed (final).
2026-09-09T18:42:14+00:00 Run complete.
2026-09-09T20:17:02+00:00 Starting run. loop_minutes=50 tick=60s active_alerts=0 credits_used=0
2026-09-09T20:27:08+00:00 State committed and pushed (tick).
2026-09-09T20:37:21+00:00 State committed and pushed (tick).
2026-09-09T20:47:32+00:00 State committed and pushed (tick).
2026-09-09T20:57:41+00:00 State committed and pushed (tick).
2026-09-09T21:07:21+00:00 State committed and pushed (final).
2026-09-09T21:07:21+00:00 Run complete.
2026-09-09T22:37:41+00:00 Starting run. loop_minutes=50 tick=60s active_alerts=0 credits_used=0
2026-09-09T22:47:45+00:00 State committed and pushed (tick).
2026-09-09T22:57:50+00:00 State committed and pushed (tick).
2026-09-09T23:07:52+00:00 State committed and pushed (tick).
2026-09-09T23:17:56+00:00 State committed and pushed (tick).
2026-09-09T23:27:50+00:00 State committed and pushed (final).
2026-09-09T23:27:50+00:00 Run complete.
2026-09-10T00:35:36+00:00 Starting run. loop_minutes=50 tick=60s active_alerts=0 credits_used=0
2026-09-10T00:45:50+00:00 State committed and pushed (tick).
2026-09-10T00:55:59+00:00 State committed and pushed (tick).
2026-09-10T01:06:07+00:00 State committed and pushed (tick).
2026-09-10T01:11:52+00:00 getUpdates failed, will retry: HTTP 502 from getUpdates: {"ok":false,"error_code":502,"description":"Bad Gateway"}
2026-09-10T01:11:53+00:00 getUpdates failed, will retry: HTTP 502 from getUpdates: {"ok":false,"error_code":502,"description":"Bad Gateway"}
2026-09-10T01:11:53+00:00 getUpdates failed, will retry: HTTP 502 from getUpdates: {"ok":false,"error_code":502,"description":"Bad Gateway"}
2026-09-10T01:11:53+00:00 getUpdates failed, will retry: HTTP 502 from getUpdates: {"ok":false,"error_code":502,"description":"Bad Gateway"}
2026-09-10T01:11:54+00:00 getUpdates failed, will retry: HTTP 502 from getUpdates: {"ok":false,"error_code":502,"description":"Bad Gateway"}
2026-09-10T01:11:54+00:00 getUpdates failed, will retry: HTTP 502 from getUpdates: {"ok":false,"error_code":502,"description":"Bad Gateway"}
2026-09-10T01:11:55+00:00 getUpdates failed, will retry: HTTP 502 from getUpdates: {"ok":false,"error_code":502,"description":"Bad Gateway"}
2026-09-10T01:11:55+00:00 getUpdates failed, will retry: HTTP 502 from getUpdates: {"ok":false,"error_code":502,"description":"Bad Gateway"}
2026-09-10T01:11:55+00:00 getUpdates failed, will retry: HTTP 502 from getUpdates: {"ok":false,"error_code":502,"description":"Bad Gateway"}
2026-09-10T01:11:56+00:00 getUpdates failed, will retry: HTTP 502 from getUpdates: {"ok":false,"error_code":502,"description":"Bad Gateway"}
2026-09-10T01:11:56+00:00 getUpdates failed, will retry: HTTP 502 from getUpdates: {"ok":false,"error_code":502,"description":"Bad Gateway"}
2026-09-10T01:12:30+00:00 getUpdates failed, will retry: network error calling getUpdates: The read operation timed out
2026-09-10T01:12:56+00:00 getUpdates failed, will retry: network error calling getUpdates: The read operation timed out
2026-09-10T01:16:47+00:00 State committed and pushed (tick).
2026-09-10T01:25:45+00:00 State committed and pushed (final).
2026-09-10T01:25:45+00:00 Run complete.
2026-09-10T05:15:09+00:00 Starting run. loop_minutes=50 tick=60s active_alerts=0 credits_used=0
2026-09-10T05:25:12+00:00 State committed and pushed (tick).
2026-09-10T05:35:13+00:00 State committed and pushed (tick).
2026-09-10T05:45:17+00:00 State committed and pushed (tick).
2026-09-10T05:55:19+00:00 State committed and pushed (tick).
2026-09-10T06:05:12+00:00 State committed and pushed (final).
2026-09-10T06:05:12+00:00 Run complete.
2026-09-10T09:50:07+00:00 Starting run. loop_minutes=50 tick=60s active_alerts=0 credits_used=0
2026-09-10T10:00:11+00:00 State committed and pushed (tick).
2026-09-10T10:10:14+00:00 State committed and pushed (tick).
2026-09-10T10:20:16+00:00 State committed and pushed (tick).
2026-09-10T10:30:19+00:00 State committed and pushed (tick).
2026-09-10T10:40:13+00:00 State committed and pushed (final).
2026-09-10T10:40:13+00:00 Run complete.
2026-09-10T13:55:23+00:00 Starting run. loop_minutes=50 tick=60s active_alerts=0 credits_used=0
2026-09-10T14:05:27+00:00 State committed and pushed (tick).
2026-09-10T14:15:30+00:00 State committed and pushed (tick).
2026-09-10T14:25:33+00:00 State committed and pushed (tick).
2026-09-10T14:36:35+00:00 State committed and pushed (tick).
2026-09-10T14:45:26+00:00 State committed and pushed (final).
2026-09-10T14:45:26+00:00 Run complete.
2026-09-10T17:33:19+00:00 Starting run. loop_minutes=50 tick=60s active_alerts=0 credits_used=0
2026-09-10T17:43:32+00:00 State committed and pushed (tick).
2026-09-10T17:53:39+00:00 State committed and pushed (tick).
2026-09-10T18:03:46+00:00 State committed and pushed (tick).
2026-09-10T18:13:52+00:00 State committed and pushed (tick).
2026-09-10T18:23:24+00:00 State committed and pushed (final).
2026-09-10T18:23:24+00:00 Run complete.
2026-09-10T20:00:30+00:00 Starting run. loop_minutes=50 tick=60s active_alerts=0 credits_used=0
2026-09-10T20:10:42+00:00 State committed and pushed (tick).
2026-09-10T20:20:49+00:00 State committed and pushed (tick).
2026-09-10T20:30:56+00:00 State committed and pushed (tick).
2026-09-10T20:41:03+00:00 State committed and pushed (tick).
2026-09-10T20:50:36+00:00 State committed and pushed (final).
2026-09-10T20:50:36+00:00 Run complete.
2026-09-10T22:28:59+00:00 Starting run. loop_minutes=50 tick=60s active_alerts=0 credits_used=0
2026-09-10T22:39:04+00:00 State committed and pushed (tick).
2026-09-10T22:49:08+00:00 State committed and pushed (tick).
2026-09-10T22:59:11+00:00 State committed and pushed (tick).
2026-09-10T23:09:15+00:00 State committed and pushed (tick).
2026-09-10T23:19:10+00:00 State committed and pushed (final).
2026-09-10T23:19:10+00:00 Run complete.
2026-09-11T00:28:43+00:00 Starting run. loop_minutes=50 tick=60s active_alerts=0 credits_used=0
2026-09-11T00:38:48+00:00 State committed and pushed (tick).
2026-09-11T00:48:52+00:00 State committed and pushed (tick).
2026-09-11T00:58:57+00:00 State committed and pushed (tick).
2026-09-11T01:09:02+00:00 State committed and pushed (tick).
2026-09-11T01:18:56+00:00 State committed and pushed (final).
2026-09-11T01:18:56+00:00 Run complete.
2026-09-11T05:06:33+00:00 Starting run. loop_minutes=50 tick=60s active_alerts=0 credits_used=0
2026-09-11T05:16:38+00:00 State committed and pushed (tick).
2026-09-11T05:26:41+00:00 State committed and pushed (tick).
2026-09-11T05:36:45+00:00 State committed and pushed (tick).
2026-09-11T05:46:48+00:00 State committed and pushed (tick).
2026-09-11T05:56:43+00:00 State committed and pushed (final).
2026-09-11T05:56:43+00:00 Run complete.
2026-09-11T09:38:04+00:00 Starting run. loop_minutes=50 tick=60s active_alerts=0 credits_used=0
2026-09-11T09:48:19+00:00 State committed and pushed (tick).
2026-09-11T09:58:27+00:00 State committed and pushed (tick).
2026-09-11T10:08:35+00:00 State committed and pushed (tick).
2026-09-11T10:18:43+00:00 State committed and pushed (tick).
2026-09-11T10:28:16+00:00 State committed and pushed (final).
2026-09-11T10:28:16+00:00 Run complete.
2026-09-11T13:49:27+00:00 Starting run. loop_minutes=50 tick=60s active_alerts=0 credits_used=0
2026-09-11T13:59:32+00:00 State committed and pushed (tick).
2026-09-11T14:09:40+00:00 State committed and pushed (tick).
2026-09-11T14:20:40+00:00 State committed and pushed (tick).
2026-09-11T14:30:44+00:00 State committed and pushed (tick).
2026-09-11T14:39:41+00:00 State committed and pushed (final).
2026-09-11T14:39:41+00:00 Run complete.
2026-09-11T17:22:02+00:00 Starting run. loop_minutes=50 tick=60s active_alerts=0 credits_used=0
2026-09-11T17:32:15+00:00 State committed and pushed (tick).
2026-09-11T17:42:22+00:00 State committed and pushed (tick).
2026-09-11T17:52:29+00:00 State committed and pushed (tick).
2026-09-11T18:02:37+00:00 State committed and pushed (tick).
2026-09-11T18:12:09+00:00 State committed and pushed (final).
2026-09-11T18:12:09+00:00 Run complete.
2026-09-11T19:54:16+00:00 Starting run. loop_minutes=50 tick=60s active_alerts=0 credits_used=0
2026-09-11T20:04:18+00:00 State committed and pushed (tick).
2026-09-11T20:14:20+00:00 State committed and pushed (tick).
2026-09-11T20:24:22+00:00 State committed and pushed (tick).
2026-09-11T20:34:24+00:00 State committed and pushed (tick).
2026-09-11T20:44:25+00:00 State committed and pushed (final).
2026-09-11T20:44:25+00:00 Run complete.
2026-09-11T22:17:09+00:00 Starting run. loop_minutes=50 tick=60s active_alerts=0 credits_used=0
2026-09-11T22:27:25+00:00 State committed and pushed (tick).
2026-09-11T22:37:35+00:00 State committed and pushed (tick).
2026-09-11T22:47:45+00:00 State committed and pushed (tick).
2026-09-11T22:57:56+00:00 State committed and pushed (tick).
2026-09-11T23:07:31+00:00 State committed and pushed (final).
2026-09-11T23:07:31+00:00 Run complete.
2026-09-12T00:22:57+00:00 Starting run. loop_minutes=50 tick=60s active_alerts=0 credits_used=0
2026-09-12T00:33:10+00:00 State committed and pushed (tick).
2026-09-12T00:43:18+00:00 State committed and pushed (tick).
2026-09-12T00:53:27+00:00 State committed and pushed (tick).
2026-09-12T01:03:35+00:00 State committed and pushed (tick).
2026-09-12T01:13:08+00:00 State committed and pushed (final).
2026-09-12T01:13:08+00:00 Run complete.
2026-09-12T04:50:35+00:00 Starting run. loop_minutes=50 tick=60s active_alerts=0 credits_used=0
2026-09-12T05:00:53+00:00 State committed and pushed (tick).
2026-09-12T05:11:05+00:00 State committed and pushed (tick).
2026-09-12T05:21:17+00:00 State committed and pushed (tick).
2026-09-12T05:31:29+00:00 State committed and pushed (tick).
2026-09-12T05:40:40+00:00 State committed and pushed (final).
2026-09-12T05:40:40+00:00 Run complete.
2026-09-12T08:56:06+00:00 Starting run. loop_minutes=50 tick=60s active_alerts=0 credits_used=0
2026-09-12T09:06:20+00:00 State committed and pushed (tick).
2026-09-12T09:16:31+00:00 State committed and pushed (tick).
2026-09-12T09:26:41+00:00 State committed and pushed (tick).
2026-09-12T09:36:55+00:00 State committed and pushed (tick).
2026-09-12T09:46:30+00:00 State committed and pushed (final).
2026-09-12T09:46:30+00:00 Run complete.
2026-09-12T12:45:25+00:00 Starting run. loop_minutes=50 tick=60s active_alerts=0 credits_used=0
2026-09-12T12:55:28+00:00 State committed and pushed (tick).
2026-09-12T13:05:30+00:00 State committed and pushed (tick).
2026-09-12T13:15:33+00:00 State committed and pushed (tick).
2026-09-12T13:25:34+00:00 State committed and pushed (tick).
2026-09-12T13:35:27+00:00 State committed and pushed (final).
2026-09-12T13:35:27+00:00 Run complete.
2026-09-12T15:52:34+00:00 Starting run. loop_minutes=50 tick=60s active_alerts=0 credits_used=0
2026-09-12T16:02:50+00:00 State committed and pushed (tick).
2026-09-12T16:13:00+00:00 State committed and pushed (tick).
2026-09-12T16:23:10+00:00 State committed and pushed (tick).
2026-09-12T16:33:21+00:00 State committed and pushed (tick).
2026-09-12T16:42:56+00:00 State committed and pushed (final).
2026-09-12T16:42:56+00:00 Run complete.
2026-09-12T18:02:21+00:00 Starting run. loop_minutes=50 tick=60s active_alerts=0 credits_used=0
2026-09-12T18:12:37+00:00 State committed and pushed (tick).
2026-09-12T18:22:48+00:00 State committed and pushed (tick).
2026-09-12T18:32:57+00:00 State committed and pushed (tick).
2026-09-12T18:43:08+00:00 State committed and pushed (tick).
2026-09-12T18:52:40+00:00 State committed and pushed (final).
2026-09-12T18:52:40+00:00 Run complete.
2026-09-12T20:29:37+00:00 Starting run. loop_minutes=50 tick=60s active_alerts=0 credits_used=0
2026-09-12T20:39:49+00:00 State committed and pushed (tick).
2026-09-12T20:49:56+00:00 State committed and pushed (tick).
2026-09-12T21:00:01+00:00 State committed and pushed (tick).
2026-09-12T21:10:09+00:00 State committed and pushed (tick).
2026-09-12T21:20:04+00:00 State committed and pushed (final).
2026-09-12T21:20:04+00:00 Run complete.
2026-09-12T22:30:25+00:00 Starting run. loop_minutes=50 tick=60s active_alerts=0 credits_used=0
2026-09-12T22:40:27+00:00 State committed and pushed (tick).
2026-09-12T22:50:29+00:00 State committed and pushed (tick).
2026-09-12T23:00:30+00:00 State committed and pushed (tick).
2026-09-12T23:10:32+00:00 State committed and pushed (tick).
2026-09-12T23:20:33+00:00 State committed and pushed (final).
2026-09-12T23:20:33+00:00 Run complete.
2026-09-13T00:13:47+00:00 Starting run. loop_minutes=50 tick=60s active_alerts=0 credits_used=0
2026-09-13T00:24:05+00:00 State committed and pushed (tick).
2026-09-13T00:34:16+00:00 State committed and pushed (tick).
2026-09-13T00:44:27+00:00 State committed and pushed (tick).
2026-09-13T00:54:39+00:00 State committed and pushed (tick).
2026-09-13T01:03:49+00:00 State committed and pushed (final).
2026-09-13T01:03:49+00:00 Run complete.
2026-09-13T04:55:43+00:00 Starting run. loop_minutes=50 tick=60s active_alerts=0 credits_used=0
2026-09-13T05:05:56+00:00 State committed and pushed (tick).
2026-09-13T05:16:04+00:00 State committed and pushed (tick).
2026-09-13T05:26:12+00:00 State committed and pushed (tick).
2026-09-13T05:36:20+00:00 State committed and pushed (tick).
2026-09-13T05:45:53+00:00 State committed and pushed (final).
2026-09-13T05:45:53+00:00 Run complete.
2026-09-13T10:04:18+00:00 Starting run. loop_minutes=50 tick=60s active_alerts=0 credits_used=0
2026-09-13T10:14:26+00:00 State committed and pushed (tick).
2026-09-13T10:24:36+00:00 State committed and pushed (tick).
2026-09-13T10:34:42+00:00 State committed and pushed (tick).
2026-09-13T10:44:45+00:00 State committed and pushed (tick).
2026-09-13T10:54:44+00:00 State committed and pushed (final).
2026-09-13T10:54:44+00:00 Run complete.
2026-09-13T14:19:03+00:00 Starting run. loop_minutes=50 tick=60s active_alerts=0 credits_used=0
2026-09-13T14:29:14+00:00 State committed and pushed (tick).
2026-09-13T14:39:20+00:00 State committed and pushed (tick).
2026-09-13T14:49:27+00:00 State committed and pushed (tick).
2026-09-13T14:59:36+00:00 State committed and pushed (tick).
2026-09-13T15:09:14+00:00 State committed and pushed (final).
2026-09-13T15:09:14+00:00 Run complete.
2026-09-13T17:28:08+00:00 Starting run. loop_minutes=50 tick=60s active_alerts=0 credits_used=0
2026-09-13T17:38:13+00:00 State committed and pushed (tick).
2026-09-13T17:48:16+00:00 State committed and pushed (tick).
2026-09-13T17:58:19+00:00 State committed and pushed (tick).
2026-09-13T18:08:23+00:00 State committed and pushed (tick).
2026-09-13T18:18:18+00:00 State committed and pushed (final).
2026-09-13T18:18:18+00:00 Run complete.
2026-09-13T19:41:46+00:00 Starting run. loop_minutes=50 tick=60s active_alerts=0 credits_used=0
2026-09-13T19:52:02+00:00 State committed and pushed (tick).
2026-09-13T20:02:12+00:00 State committed and pushed (tick).
2026-09-13T20:12:22+00:00 State committed and pushed (tick).
2026-09-13T20:22:33+00:00 State committed and pushed (tick).
2026-09-13T20:32:08+00:00 State committed and pushed (final).
2026-09-13T20:32:08+00:00 Run complete.
2026-09-13T21:44:04+00:00 Starting run. loop_minutes=50 tick=60s active_alerts=0 credits_used=0
2026-09-13T21:54:18+00:00 State committed and pushed (tick).
2026-09-13T22:04:25+00:00 State committed and pushed (tick).
2026-09-13T22:14:32+00:00 State committed and pushed (tick).
2026-09-13T22:24:40+00:00 State committed and pushed (tick).
2026-09-13T22:34:11+00:00 State committed and pushed (final).
2026-09-13T22:34:11+00:00 Run complete.
2026-09-13T23:37:55+00:00 Starting run. loop_minutes=50 tick=60s active_alerts=0 credits_used=0
2026-09-13T23:47:59+00:00 State committed and pushed (tick).
2026-09-13T23:58:01+00:00 State committed and pushed (tick).
2026-09-14T00:08:05+00:00 State committed and pushed (tick).
2026-09-14T00:18:07+00:00 State committed and pushed (tick).
2026-09-14T00:28:00+00:00 State committed and pushed (final).
2026-09-14T00:28:00+00:00 Run complete.
2026-09-14T01:40:19+00:00 Starting run. loop_minutes=50 tick=60s active_alerts=0 credits_used=0
2026-09-14T01:50:22+00:00 State committed and pushed (tick).
2026-09-14T02:01:24+00:00 State committed and pushed (tick).
2026-09-14T02:11:25+00:00 State committed and pushed (tick).
2026-09-14T02:21:27+00:00 State committed and pushed (tick).
2026-09-14T02:30:28+00:00 State committed and pushed (final).
2026-09-14T02:30:28+00:00 Run complete.
2026-09-14T07:07:59+00:00 Starting run. loop_minutes=50 tick=60s active_alerts=0 credits_used=0
2026-09-14T07:18:15+00:00 State committed and pushed (tick).
2026-09-14T07:28:27+00:00 State committed and pushed (tick).
2026-09-14T07:38:39+00:00 State committed and pushed (tick).
2026-09-14T07:48:49+00:00 State committed and pushed (tick).
2026-09-14T07:58:25+00:00 State committed and pushed (final).
2026-09-14T07:58:25+00:00 Run complete.
2026-09-14T14:01:15+00:00 Starting run. loop_minutes=50 tick=60s active_alerts=0 credits_used=0
2026-09-14T14:11:34+00:00 State committed and pushed (tick).
2026-09-14T14:21:44+00:00 State committed and pushed (tick).
2026-09-14T14:31:55+00:00 State committed and pushed (tick).
2026-09-14T14:42:01+00:00 State committed and pushed (tick).
2026-09-14T14:51:34+00:00 State committed and pushed (final).
2026-09-14T14:51:34+00:00 Run complete.
2026-09-14T19:16:33+00:00 Starting run. loop_minutes=50 tick=60s active_alerts=0 credits_used=0
2026-09-14T19:26:36+00:00 State committed and pushed (tick).
2026-09-14T19:36:38+00:00 State committed and pushed (tick).
2026-09-14T19:46:40+00:00 State committed and pushed (tick).
2026-09-14T19:56:42+00:00 State committed and pushed (tick).
2026-09-14T20:06:34+00:00 State committed and pushed (final).
2026-09-14T20:06:34+00:00 Run complete.
2026-09-14T22:34:44+00:00 Starting run. loop_minutes=50 tick=60s active_alerts=0 credits_used=0
2026-09-14T22:45:02+00:00 State committed and pushed (tick).
2026-09-14T22:55:15+00:00 State committed and pushed (tick).
2026-09-14T23:05:28+00:00 State committed and pushed (tick).
2026-09-14T23:15:40+00:00 State committed and pushed (tick).
2026-09-14T23:24:47+00:00 State committed and pushed (final).
2026-09-14T23:24:47+00:00 Run complete.
2026-09-15T00:53:04+00:00 Starting run. loop_minutes=50 tick=60s active_alerts=0 credits_used=0
2026-09-15T01:03:17+00:00 State committed and pushed (tick).
2026-09-15T01:13:25+00:00 State committed and pushed (tick).
2026-09-15T01:23:32+00:00 State committed and pushed (tick).
2026-09-15T01:33:40+00:00 State committed and pushed (tick).
2026-09-15T01:43:13+00:00 State committed and pushed (final).
2026-09-15T01:43:13+00:00 Run complete.
2026-09-15T05:45:59+00:00 Starting run. loop_minutes=50 tick=60s active_alerts=0 credits_used=0
2026-09-15T05:56:13+00:00 State committed and pushed (tick).
2026-09-15T06:06:21+00:00 State committed and pushed (tick).
2026-09-15T06:16:29+00:00 State committed and pushed (tick).
2026-09-15T06:26:34+00:00 State committed and pushed (tick).
2026-09-15T06:36:09+00:00 State committed and pushed (final).
2026-09-15T06:36:09+00:00 Run complete.
2026-09-15T10:29:38+00:00 Starting run. loop_minutes=50 tick=60s active_alerts=0 credits_used=0
2026-09-15T10:39:56+00:00 State committed and pushed (tick).
2026-09-15T10:50:09+00:00 State committed and pushed (tick).
2026-09-15T11:00:22+00:00 State committed and pushed (tick).
2026-09-15T11:10:34+00:00 State committed and pushed (tick).
2026-09-15T11:19:41+00:00 State committed and pushed (final).
2026-09-15T11:19:41+00:00 Run complete.
2026-09-15T15:14:26+00:00 Starting run. loop_minutes=50 tick=60s active_alerts=0 credits_used=0
2026-09-15T15:24:43+00:00 State committed and pushed (tick).
2026-09-15T15:34:57+00:00 State committed and pushed (tick).
2026-09-15T15:45:09+00:00 State committed and pushed (tick).
2026-09-15T15:55:23+00:00 State committed and pushed (tick).
2026-09-15T16:04:29+00:00 State committed and pushed (final).
2026-09-15T16:04:29+00:00 Run complete.
2026-09-15T19:04:26+00:00 Starting run. loop_minutes=50 tick=60s active_alerts=0 credits_used=0
2026-09-15T19:14:43+00:00 State committed and pushed (tick).
2026-09-15T19:24:54+00:00 State committed and pushed (tick).
2026-09-15T19:35:01+00:00 State committed and pushed (tick).
2026-09-15T19:45:15+00:00 State committed and pushed (tick).
2026-09-15T19:54:51+00:00 State committed and pushed (final).
2026-09-15T19:54:51+00:00 Run complete.
2026-09-15T22:11:20+00:00 Starting run. loop_minutes=50 tick=60s active_alerts=0 credits_used=0
2026-09-15T22:21:24+00:00 State committed and pushed (tick).
2026-09-15T22:31:26+00:00 State committed and pushed (tick).
2026-09-15T22:41:29+00:00 State committed and pushed (tick).
2026-09-15T22:51:31+00:00 State committed and pushed (tick).
2026-09-15T23:01:25+00:00 State committed and pushed (final).
2026-09-15T23:01:25+00:00 Run complete.
2026-09-16T00:23:59+00:00 Starting run. loop_minutes=50 tick=60s active_alerts=0 credits_used=0
2026-09-16T00:34:11+00:00 State committed and pushed (tick).
2026-09-16T00:44:18+00:00 State committed and pushed (tick).
2026-09-16T00:54:23+00:00 State committed and pushed (tick).
2026-09-16T01:04:30+00:00 State committed and pushed (tick).
2026-09-16T01:14:23+00:00 State committed and pushed (final).
2026-09-16T01:14:23+00:00 Run complete.
2026-09-16T05:04:27+00:00 Starting run. loop_minutes=50 tick=60s active_alerts=0 credits_used=0
2026-09-16T05:14:30+00:00 State committed and pushed (tick).
2026-09-16T05:24:33+00:00 State committed and pushed (tick).
2026-09-16T05:34:35+00:00 State committed and pushed (tick).
2026-09-16T05:45:35+00:00 State committed and pushed (tick).
2026-09-16T05:54:36+00:00 State committed and pushed (final).
2026-09-16T05:54:36+00:00 Run complete.
2026-09-16T09:53:26+00:00 Starting run. loop_minutes=50 tick=60s active_alerts=0 credits_used=0
2026-09-16T10:03:41+00:00 State committed and pushed (tick).
2026-09-16T10:13:52+00:00 State committed and pushed (tick).
2026-09-16T10:24:02+00:00 State committed and pushed (tick).
2026-09-16T10:34:13+00:00 State committed and pushed (tick).
2026-09-16T10:43:49+00:00 State committed and pushed (final).
2026-09-16T10:43:49+00:00 Run complete.
2026-09-16T14:34:46+00:00 Starting run. loop_minutes=50 tick=60s active_alerts=0 credits_used=0
2026-09-16T14:44:58+00:00 State committed and pushed (tick).
2026-09-16T14:55:05+00:00 State committed and pushed (tick).
2026-09-16T15:05:13+00:00 State committed and pushed (tick).
2026-09-16T15:15:21+00:00 State committed and pushed (tick).
2026-09-16T15:24:52+00:00 State committed and pushed (final).
2026-09-16T15:24:52+00:00 Run complete.
2026-09-16T18:24:47+00:00 Starting run. loop_minutes=50 tick=60s active_alerts=0 credits_used=0
2026-09-16T18:35:05+00:00 State committed and pushed (tick).
2026-09-16T18:45:17+00:00 State committed and pushed (tick).
2026-09-16T18:55:30+00:00 State committed and pushed (tick).
2026-09-16T19:05:42+00:00 State committed and pushed (tick).
2026-09-16T19:14:49+00:00 State committed and pushed (final).
2026-09-16T19:14:49+00:00 Run complete.
2026-09-16T21:32:56+00:00 Starting run. loop_minutes=50 tick=60s active_alerts=0 credits_used=0
2026-09-16T21:43:15+00:00 State committed and pushed (tick).
2026-09-16T21:53:28+00:00 State committed and pushed (tick).
2026-09-16T22:03:41+00:00 State committed and pushed (tick).
2026-09-16T22:13:54+00:00 State committed and pushed (tick).
2026-09-16T22:22:59+00:00 State committed and pushed (final).
2026-09-16T22:22:59+00:00 Run complete.
2026-09-16T23:48:26+00:00 Starting run. loop_minutes=50 tick=60s active_alerts=0 credits_used=0
2026-09-16T23:58:28+00:00 State committed and pushed (tick).
2026-09-17T00:08:30+00:00 State committed and pushed (tick).
2026-09-17T00:18:32+00:00 State committed and pushed (tick).
2026-09-17T00:28:34+00:00 State committed and pushed (tick).
2026-09-17T00:38:36+00:00 State committed and pushed (tick).
2026-09-17T00:38:37+00:00 State committed and pushed (final).
2026-09-17T00:38:37+00:00 Run complete.
2026-09-17T01:50:14+00:00 Starting run. loop_minutes=50 tick=60s active_alerts=0 credits_used=0
2026-09-17T02:00:28+00:00 State committed and pushed (tick).
2026-09-17T02:10:30+00:00 State committed and pushed (tick).
2026-09-17T02:20:39+00:00 State committed and pushed (tick).
2026-09-17T02:30:44+00:00 State committed and pushed (tick).
2026-09-17T02:40:40+00:00 State committed and pushed (final).
2026-09-17T02:40:40+00:00 Run complete.
2026-09-17T06:52:45+00:00 Starting run. loop_minutes=50 tick=60s active_alerts=0 credits_used=0
2026-09-17T07:03:04+00:00 State committed and pushed (tick).
2026-09-17T07:13:17+00:00 State committed and pushed (tick).
2026-09-17T07:23:30+00:00 State committed and pushed (tick).
2026-09-17T07:33:42+00:00 State committed and pushed (tick).
2026-09-17T07:42:49+00:00 State committed and pushed (final).
2026-09-17T07:42:49+00:00 Run complete.
2026-09-17T12:23:09+00:00 Starting run. loop_minutes=50 tick=60s active_alerts=0 credits_used=0
2026-09-17T12:33:22+00:00 State committed and pushed (tick).
2026-09-17T12:43:37+00:00 State committed and pushed (tick).
2026-09-17T12:53:50+00:00 State committed and pushed (tick).
2026-09-17T13:04:01+00:00 State committed and pushed (tick).
2026-09-17T13:13:13+00:00 State committed and pushed (final).
2026-09-17T13:13:13+00:00 Run complete.
2026-09-17T17:11:22+00:00 Starting run. loop_minutes=50 tick=60s active_alerts=0 credits_used=0
2026-09-17T17:21:38+00:00 State committed and pushed (tick).
2026-09-17T17:31:49+00:00 State committed and pushed (tick).
2026-09-17T17:42:00+00:00 State committed and pushed (tick).
2026-09-17T17:52:10+00:00 State committed and pushed (tick).
2026-09-17T18:01:46+00:00 State committed and pushed (final).
2026-09-17T18:01:46+00:00 Run complete.
2026-09-17T20:20:57+00:00 Starting run. loop_minutes=50 tick=60s active_alerts=0 credits_used=0
2026-09-17T20:31:10+00:00 State committed and pushed (tick).
2026-09-17T20:41:17+00:00 State committed and pushed (tick).
2026-09-17T20:51:24+00:00 State committed and pushed (tick).
2026-09-17T21:01:32+00:00 State committed and pushed (tick).
2026-09-17T21:11:05+00:00 State committed and pushed (final).
2026-09-17T21:11:05+00:00 Run complete.
2026-09-17T22:56:54+00:00 Starting run. loop_minutes=50 tick=60s active_alerts=0 credits_used=0
2026-09-17T23:07:10+00:00 State committed and pushed (tick).
2026-09-17T23:17:21+00:00 State committed and pushed (tick).
2026-09-17T23:27:31+00:00 State committed and pushed (tick).
2026-09-17T23:37:42+00:00 State committed and pushed (tick).
2026-09-17T23:47:17+00:00 State committed and pushed (final).
2026-09-17T23:47:17+00:00 Run complete.
2026-09-18T01:10:58+00:00 Starting run. loop_minutes=50 tick=60s active_alerts=0 credits_used=0
2026-09-18T01:21:02+00:00 State committed and pushed (tick).
2026-09-18T01:31:04+00:00 State committed and pushed (tick).
2026-09-18T01:41:07+00:00 State committed and pushed (tick).
2026-09-18T01:51:09+00:00 State committed and pushed (tick).
2026-09-18T02:01:03+00:00 State committed and pushed (final).
2026-09-18T02:01:03+00:00 Run complete.
2026-09-18T05:57:19+00:00 Starting run. loop_minutes=50 tick=60s active_alerts=0 credits_used=0
2026-09-18T06:07:22+00:00 State committed and pushed (tick).
2026-09-18T06:17:25+00:00 State committed and pushed (tick).
2026-09-18T06:27:27+00:00 State committed and pushed (tick).
2026-09-18T06:37:29+00:00 State committed and pushed (tick).
2026-09-18T06:47:22+00:00 State committed and pushed (final).
2026-09-18T06:47:22+00:00 Run complete.
2026-09-18T11:02:43+00:00 Starting run. loop_minutes=50 tick=60s active_alerts=0 credits_used=0
2026-09-18T11:12:57+00:00 State committed and pushed (tick).
2026-09-18T11:23:12+00:00 State committed and pushed (tick).
2026-09-18T11:33:25+00:00 State committed and pushed (tick).
2026-09-18T11:43:38+00:00 State committed and pushed (tick).
2026-09-18T11:52:48+00:00 State committed and pushed (final).
2026-09-18T11:52:48+00:00 Run complete.
2026-09-18T14:56:10+00:00 Starting run. loop_minutes=50 tick=60s active_alerts=0 credits_used=0
2026-09-18T15:06:19+00:00 State committed and pushed (tick).
2026-09-18T15:16:30+00:00 State committed and pushed (tick).
2026-09-18T15:26:36+00:00 State committed and pushed (tick).
2026-09-18T15:36:42+00:00 State committed and pushed (tick).
2026-09-18T15:46:15+00:00 State committed and pushed (final).
2026-09-18T15:46:15+00:00 Run complete.
2026-09-18T18:12:44+00:00 Starting run. loop_minutes=50 tick=60s active_alerts=0 credits_used=0
2026-09-18T18:22:48+00:00 State committed and pushed (tick).
2026-09-18T18:32:50+00:00 State committed and pushed (tick).
2026-09-18T18:42:52+00:00 State committed and pushed (tick).
2026-09-18T18:52:55+00:00 State committed and pushed (tick).
2026-09-18T19:02:48+00:00 State committed and pushed (final).
2026-09-18T19:02:48+00:00 Run complete.
2026-09-18T20:57:27+00:00 Starting run. loop_minutes=50 tick=60s active_alerts=0 credits_used=0
2026-09-18T21:07:43+00:00 State committed and pushed (tick).
2026-09-18T21:17:54+00:00 State committed and pushed (tick).
2026-09-18T21:28:04+00:00 State committed and pushed (tick).
2026-09-18T21:38:14+00:00 State committed and pushed (tick).
2026-09-18T21:47:49+00:00 State committed and pushed (final).
2026-09-18T21:47:49+00:00 Run complete.
2026-09-18T23:11:32+00:00 Starting run. loop_minutes=50 tick=60s active_alerts=0 credits_used=0
2026-09-18T23:21:44+00:00 State committed and pushed (tick).
2026-09-18T23:32:49+00:00 State committed and pushed (tick).
2026-09-18T23:42:55+00:00 State committed and pushed (tick).
2026-09-18T23:53:02+00:00 State committed and pushed (tick).
2026-09-19T00:01:58+00:00 State committed and pushed (final).
2026-09-19T00:01:58+00:00 Run complete.
2026-09-19T01:12:25+00:00 Starting run. loop_minutes=50 tick=60s active_alerts=0 credits_used=0
2026-09-19T01:22:38+00:00 State committed and pushed (tick).
2026-09-19T01:32:47+00:00 State committed and pushed (tick).
2026-09-19T01:42:55+00:00 State committed and pushed (tick).
2026-09-19T01:53:02+00:00 State committed and pushed (tick).
2026-09-19T02:02:35+00:00 State committed and pushed (final).
2026-09-19T02:02:35+00:00 Run complete.
2026-09-19T05:57:31+00:00 Starting run. loop_minutes=50 tick=60s active_alerts=0 credits_used=0
2026-09-19T06:07:35+00:00 State committed and pushed (tick).
2026-09-19T06:17:37+00:00 State committed and pushed (tick).
2026-09-19T06:27:39+00:00 State committed and pushed (tick).
2026-09-19T06:37:41+00:00 State committed and pushed (tick).
2026-09-19T06:47:34+00:00 State committed and pushed (final).
2026-09-19T06:47:34+00:00 Run complete.
2026-09-19T10:46:45+00:00 Starting run. loop_minutes=50 tick=60s active_alerts=0 credits_used=0
2026-09-19T10:57:01+00:00 State committed and pushed (tick).
2026-09-19T11:07:12+00:00 State committed and pushed (tick).
2026-09-19T11:17:23+00:00 State committed and pushed (tick).
2026-09-19T11:27:33+00:00 State committed and pushed (tick).
2026-09-19T11:37:09+00:00 State committed and pushed (final).
2026-09-19T11:37:09+00:00 Run complete.
2026-09-19T14:00:03+00:00 Starting run. loop_minutes=50 tick=60s active_alerts=0 credits_used=0
2026-09-19T14:10:06+00:00 State committed and pushed (tick).
2026-09-19T14:20:09+00:00 State committed and pushed (tick).
2026-09-19T14:30:11+00:00 State committed and pushed (tick).
2026-09-19T14:40:13+00:00 State committed and pushed (tick).
2026-09-19T14:50:06+00:00 State committed and pushed (final).
2026-09-19T14:50:06+00:00 Run complete.
2026-09-19T17:11:35+00:00 Starting run. loop_minutes=50 tick=60s active_alerts=0 credits_used=0
2026-09-19T17:21:42+00:00 State committed and pushed (tick).
2026-09-19T17:32:41+00:00 State committed and pushed (tick).
2026-09-19T17:42:44+00:00 State committed and pushed (tick).
2026-09-19T17:52:46+00:00 State committed and pushed (tick).
2026-09-19T18:01:41+00:00 State committed and pushed (final).
2026-09-19T18:01:41+00:00 Run complete.
2026-09-19T19:20:01+00:00 Starting run. loop_minutes=50 tick=60s active_alerts=0 credits_used=0
2026-09-19T19:30:14+00:00 State committed and pushed (tick).
2026-09-19T19:40:20+00:00 State committed and pushed (tick).
2026-09-19T19:50:29+00:00 State committed and pushed (tick).
2026-09-19T20:00:36+00:00 State committed and pushed (tick).
2026-09-19T20:10:06+00:00 State committed and pushed (final).
2026-09-19T20:10:06+00:00 Run complete.
2026-09-19T21:32:10+00:00 Starting run. loop_minutes=50 tick=60s active_alerts=0 credits_used=0
2026-09-19T21:42:22+00:00 State committed and pushed (tick).
2026-09-19T21:52:27+00:00 State committed and pushed (tick).
2026-09-19T22:02:34+00:00 State committed and pushed (tick).
2026-09-19T22:12:38+00:00 State committed and pushed (tick).
2026-09-19T22:22:33+00:00 State committed and pushed (final).
2026-09-19T22:22:33+00:00 Run complete.
2026-09-19T23:28:57+00:00 Starting run. loop_minutes=50 tick=60s active_alerts=0 credits_used=0
2026-09-19T23:39:15+00:00 State committed and pushed (tick).
2026-09-19T23:49:27+00:00 State committed and pushed (tick).
2026-09-19T23:59:39+00:00 State committed and pushed (tick).
2026-09-20T00:09:52+00:00 State committed and pushed (tick).
2026-09-20T00:18:59+00:00 State committed and pushed (final).
2026-09-20T00:18:59+00:00 Run complete.
2026-09-20T01:31:55+00:00 Starting run. loop_minutes=50 tick=60s active_alerts=0 credits_used=0
2026-09-20T01:42:12+00:00 State committed and pushed (tick).
2026-09-20T01:52:24+00:00 State committed and pushed (tick).
2026-09-20T02:02:35+00:00 State committed and pushed (tick).
2026-09-20T02:12:46+00:00 State committed and pushed (tick).
2026-09-20T02:21:56+00:00 State committed and pushed (final).
2026-09-20T02:21:56+00:00 Run complete.
2026-09-20T06:55:39+00:00 Starting run. loop_minutes=50 tick=60s active_alerts=0 credits_used=0
2026-09-20T07:05:51+00:00 State committed and pushed (tick).
2026-09-20T07:15:58+00:00 State committed and pushed (tick).
2026-09-20T07:26:04+00:00 State committed and pushed (tick).
2026-09-20T07:36:11+00:00 State committed and pushed (tick).
2026-09-20T07:45:43+00:00 State committed and pushed (final).
2026-09-20T07:45:43+00:00 Run complete.
2026-09-20T12:06:47+00:00 Starting run. loop_minutes=50 tick=60s active_alerts=0 credits_used=0
2026-09-20T12:16:51+00:00 State committed and pushed (tick).
2026-09-20T12:26:55+00:00 State committed and pushed (tick).
2026-09-20T12:36:59+00:00 State committed and pushed (tick).
2026-09-20T12:47:04+00:00 State committed and pushed (tick).
2026-09-20T12:56:58+00:00 State committed and pushed (final).
2026-09-20T12:56:58+00:00 Run complete.
2026-09-20T16:02:08+00:00 Starting run. loop_minutes=50 tick=60s active_alerts=0 credits_used=0
2026-09-20T16:12:17+00:00 State committed and pushed (tick).
2026-09-20T16:23:19+00:00 State committed and pushed (tick).
